[sub] Square/ShapeType[tagged] domain=7 (multicast 239.255.0.1). Ctrl-C to stop.
[sub] Square BLUE x=203 y=152 size=30 uuid=67c411b2-c6b2-40cf-8e04-8464bb79843f seq=51
[sub] Square BLUE x=206 y=154 size=30 uuid=67c411b2-c6b2-40cf-8e04-8464bb79843f seq=52
[sub] Square BLUE x=209 y=156 size=30 uuid=67c411b2-c6b2-40cf-8e04-8464bb79843f seq=53
[sub] Square BLUE x=212 y=158 size=30 uuid=67c411b2-c6b2-40cf-8e04-8464bb79843f seq=54
[sub] Square BLUE x=215 y=160 size=30 uuid=67c411b2-c6b2-40cf-8e04-8464bb79843f seq=55
[sub] Square BLUE x=218 y=162 size=30 uuid=67c411b2-c6b2-40cf-8e04-8464bb79843f seq=56
[sub] Square BLUE x=221 y=164 size=30 uuid=67c411b2-c6b2-40cf-8e04-8464bb79843f seq=57
[sub] Square BLUE x=224 y=166 size=30 uuid=67c411b2-c6b2-40cf-8e04-8464bb79843f seq=58
[sub] Square BLUE x=227 y=168 size=30 uuid=67c411b2-c6b2-40cf-8e04-8464bb79843f seq=59
[sub] Square BLUE x=230 y=170 size=30 uuid=67c411b2-c6b2-40cf-8e04-8464bb79843f seq=60
[sub] Square BLUE x=233 y=172 size=30 uuid=67c411b2-c6b2-40cf-8e04-8464bb79843f seq=61
[sub] Square BLUE x=236 y=174 size=30 uuid=67c411b2-c6b2-40cf-8e04-8464bb79843f seq=62
[sub] Square BLUE x=239 y=176 size=30 uuid=67c411b2-c6b2-40cf-8e04-8464bb79843f seq=63
[sub] Square BLUE x=240 y=178 size=30 uuid=67c411b2-c6b2-40cf-8e04-8464bb79843f seq=64
[sub] Square BLUE x=237 y=180 size=30 uuid=67c411b2-c6b2-40cf-8e04-8464bb79843f seq=65
[sub] Square BLUE x=234 y=182 size=30 uuid=67c411b2-c6b2-40cf-8e04-8464bb79843f seq=66
[sub] Square BLUE x=231 y=184 size=30 uuid=67c411b2-c6b2-40cf-8e04-8464bb79843f seq=67
[sub] Square BLUE x=228 y=186 size=30 uuid=67c411b2-c6b2-40cf-8e04-8464bb79843f seq=68
[sub] Square BLUE x=225 y=188 size=30 uuid=67c411b2-c6b2-40cf-8e04-8464bb79843f seq=69
[sub] Square BLUE x=222 y=190 size=30 uuid=67c411b2-c6b2-40cf-8e04-8464bb79843f seq=70
[sub] Square BLUE x=219 y=192 size=30 uuid=67c411b2-c6b2-40cf-8e04-8464bb79843f seq=71
[sub] Square BLUE x=216 y=194 size=30 uuid=67c411b2-c6b2-40cf-8e04-8464bb79843f seq=72
[sub] Square BLUE x=213 y=196 size=30 uuid=67c411b2-c6b2-40cf-8e04-8464bb79843f seq=73
[sub] Square BLUE x=210 y=198 size=30 uuid=67c411b2-c6b2-40cf-8e04-8464bb79843f seq=74
[sub] Square BLUE x=207 y=200 size=30 uuid=67c411b2-c6b2-40cf-8e04-8464bb79843f seq=75
[sub] Square BLUE x=204 y=202 size=30 uuid=67c411b2-c6b2-40cf-8e04-8464bb79843f seq=76
[sub] Square BLUE x=201 y=204 size=30 uuid=67c411b2-c6b2-40cf-8e04-8464bb79843f seq=77
[sub] Square BLUE x=198 y=206 size=30 uuid=67c411b2-c6b2-40cf-8e04-8464bb79843f seq=78
[sub] Square BLUE x=195 y=208 size=30 uuid=67c411b2-c6b2-40cf-8e04-8464bb79843f seq=79
[sub] Square BLUE x=192 y=210 size=30 uuid=67c411b2-c6b2-40cf-8e04-8464bb79843f seq=80
[sub] Square BLUE x=189 y=212 size=30 uuid=67c411b2-c6b2-40cf-8e04-8464bb79843f seq=81
[sub] Square BLUE x=186 y=214 size=30 uuid=67c411b2-c6b2-40cf-8e04-8464bb79843f seq=82
[sub] Square BLUE x=183 y=216 size=30 uuid=67c411b2-c6b2-40cf-8e04-8464bb79843f seq=83
[sub] Square BLUE x=180 y=218 size=30 uuid=67c411b2-c6b2-40cf-8e04-8464bb79843f seq=84
[sub] Square BLUE x=177 y=220 size=30 uuid=67c411b2-c6b2-40cf-8e04-8464bb79843f seq=85
[sub] Square BLUE x=174 y=222 size=30 uuid=67c411b2-c6b2-40cf-8e04-8464bb79843f seq=86
[sub] Square BLUE x=171 y=224 size=30 uuid=67c411b2-c6b2-40cf-8e04-8464bb79843f seq=87
[sub] Square BLUE x=168 y=226 size=30 uuid=67c411b2-c6b2-40cf-8e04-8464bb79843f seq=88
[sub] Square BLUE x=165 y=228 size=30 uuid=67c411b2-c6b2-40cf-8e04-8464bb79843f seq=89
[sub] Square BLUE x=162 y=230 size=30 uuid=67c411b2-c6b2-40cf-8e04-8464bb79843f seq=90
[sub] Square BLUE x=159 y=232 size=30 uuid=67c411b2-c6b2-40cf-8e04-8464bb79843f seq=91
[sub] Square BLUE x=156 y=234 size=30 uuid=67c411b2-c6b2-40cf-8e04-8464bb79843f seq=92
[sub] Square BLUE x=153 y=236 size=30 uuid=67c411b2-c6b2-40cf-8e04-8464bb79843f seq=93
[sub] Square BLUE x=150 y=238 size=30 uuid=67c411b2-c6b2-40cf-8e04-8464bb79843f seq=94
[sub] Square BLUE x=147 y=240 size=30 uuid=67c411b2-c6b2-40cf-8e04-8464bb79843f seq=95
[sub] Square BLUE x=144 y=238 size=30 uuid=67c411b2-c6b2-40cf-8e04-8464bb79843f seq=96
[sub] Square BLUE x=141 y=236 size=30 uuid=67c411b2-c6b2-40cf-8e04-8464bb79843f seq=97
[sub] Square BLUE x=138 y=234 size=30 uuid=67c411b2-c6b2-40cf-8e04-8464bb79843f seq=98
[sub] Square BLUE x=135 y=232 size=30 uuid=67c411b2-c6b2-40cf-8e04-8464bb79843f seq=99
[sub] Square BLUE x=132 y=230 size=30 uuid=67c411b2-c6b2-40cf-8e04-8464bb79843f seq=100
[sub] Square BLUE x=129 y=228 size=30 uuid=67c411b2-c6b2-40cf-8e04-8464bb79843f seq=101
[sub] Square BLUE x=126 y=226 size=30 uuid=67c411b2-c6b2-40cf-8e04-8464bb79843f seq=102
[sub] Square BLUE x=123 y=224 size=30 uuid=67c411b2-c6b2-40cf-8e04-8464bb79843f seq=103
[sub] Square BLUE x=120 y=222 size=30 uuid=67c411b2-c6b2-40cf-8e04-8464bb79843f seq=104
[sub] Square BLUE x=117 y=220 size=30 uuid=67c411b2-c6b2-40cf-8e04-8464bb79843f seq=105
[sub] Square BLUE x=114 y=218 size=30 uuid=67c411b2-c6b2-40cf-8e04-8464bb79843f seq=106
[sub] Square BLUE x=111 y=216 size=30 uuid=67c411b2-c6b2-40cf-8e04-8464bb79843f seq=107
[sub] Square BLUE x=108 y=214 size=30 uuid=67c411b2-c6b2-40cf-8e04-8464bb79843f seq=108
[sub] Square BLUE x=105 y=212 size=30 uuid=67c411b2-c6b2-40cf-8e04-8464bb79843f seq=109
[sub] Square BLUE x=102 y=210 size=30 uuid=67c411b2-c6b2-40cf-8e04-8464bb79843f seq=110
[sub] Square BLUE x=99 y=208 size=30 uuid=67c411b2-c6b2-40cf-8e04-8464bb79843f seq=111
[sub] GAP from 67c411b2-c6b2-40cf-8e04-8464bb79843f: expected seq 112, got 114
[sub] Square BLUE x=90 y=202 size=30 uuid=67c411b2-c6b2-40cf-8e04-8464bb79843f seq=114
[sub] Square BLUE x=87 y=200 size=30 uuid=67c411b2-c6b2-40cf-8e04-8464bb79843f seq=115
[sub] Square BLUE x=84 y=198 size=30 uuid=67c411b2-c6b2-40cf-8e04-8464bb79843f seq=116
[sub] Square BLUE x=81 y=196 size=30 uuid=67c411b2-c6b2-40cf-8e04-8464bb79843f seq=117
[sub] Square BLUE x=78 y=194 size=30 uuid=67c411b2-c6b2-40cf-8e04-8464bb79843f seq=118
[sub] Square BLUE x=75 y=192 size=30 uuid=67c411b2-c6b2-40cf-8e04-8464bb79843f seq=119
[sub] Square BLUE x=72 y=190 size=30 uuid=67c411b2-c6b2-40cf-8e04-8464bb79843f seq=120
[sub] Square BLUE x=69 y=188 size=30 uuid=67c411b2-c6b2-40cf-8e04-8464bb79843f seq=121
[sub] Square BLUE x=66 y=186 size=30 uuid=67c411b2-c6b2-40cf-8e04-8464bb79843f seq=122
[sub] Square BLUE x=63 y=184 size=30 uuid=67c411b2-c6b2-40cf-8e04-8464bb79843f seq=123
[sub] Square BLUE x=60 y=182 size=30 uuid=67c411b2-c6b2-40cf-8e04-8464bb79843f seq=124
[sub] Square BLUE x=57 y=180 size=30 uuid=67c411b2-c6b2-40cf-8e04-8464bb79843f seq=125
[sub] Square BLUE x=54 y=178 size=30 uuid=67c411b2-c6b2-40cf-8e04-8464bb79843f seq=126
[sub] Square BLUE x=51 y=176 size=30 uuid=67c411b2-c6b2-40cf-8e04-8464bb79843f seq=127
[sub] Square BLUE x=48 y=174 size=30 uuid=67c411b2-c6b2-40cf-8e04-8464bb79843f seq=128
[sub] Square BLUE x=45 y=172 size=30 uuid=67c411b2-c6b2-40cf-8e04-8464bb79843f seq=129
[sub] Square BLUE x=42 y=170 size=30 uuid=67c411b2-c6b2-40cf-8e04-8464bb79843f seq=130
[sub] Square BLUE x=39 y=168 size=30 uuid=67c411b2-c6b2-40cf-8e04-8464bb79843f seq=131
[sub] Square BLUE x=36 y=166 size=30 uuid=67c411b2-c6b2-40cf-8e04-8464bb79843f seq=132
[sub] Square BLUE x=33 y=164 size=30 uuid=67c411b2-c6b2-40cf-8e04-8464bb79843f seq=133
[sub] Square BLUE x=30 y=162 size=30 uuid=67c411b2-c6b2-40cf-8e04-8464bb79843f seq=134
[sub] Square BLUE x=27 y=160 size=30 uuid=67c411b2-c6b2-40cf-8e04-8464bb79843f seq=135
[sub] Square BLUE x=24 y=158 size=30 uuid=67c411b2-c6b2-40cf-8e04-8464bb79843f seq=136
[sub] Square BLUE x=21 y=156 size=30 uuid=67c411b2-c6b2-40cf-8e04-8464bb79843f seq=137
[sub] Square BLUE x=18 y=154 size=30 uuid=67c411b2-c6b2-40cf-8e04-8464bb79843f seq=138
[sub] Square BLUE x=15 y=152 size=30 uuid=67c411b2-c6b2-40cf-8e04-8464bb79843f seq=139
[sub] Square BLUE x=12 y=150 size=30 uuid=67c411b2-c6b2-40cf-8e04-8464bb79843f seq=140
[sub] Square BLUE x=9 y=148 size=30 uuid=67c411b2-c6b2-40cf-8e04-8464bb79843f seq=141
[sub] Square BLUE x=6 y=146 size=30 uuid=67c411b2-c6b2-40cf-8e04-8464bb79843f seq=142
[sub] Square BLUE x=3 y=144 size=30 uuid=67c411b2-c6b2-40cf-8e04-8464bb79843f seq=143
[sub] Square BLUE x=0 y=142 size=30 uuid=67c411b2-c6b2-40cf-8e04-8464bb79843f seq=144
[sub] Square BLUE x=3 y=140 size=30 uuid=67c411b2-c6b2-40cf-8e04-8464bb79843f seq=145
[sub] Square BLUE x=6 y=138 size=30 uuid=67c411b2-c6b2-40cf-8e04-8464bb79843f seq=146
[sub] Square BLUE x=9 y=136 size=30 uuid=67c411b2-c6b2-40cf-8e04-8464bb79843f seq=147
[sub] Square BLUE x=12 y=134 size=30 uuid=67c411b2-c6b2-40cf-8e04-8464bb79843f seq=148
[sub] Square BLUE x=15 y=132 size=30 uuid=67c411b2-c6b2-40cf-8e04-8464bb79843f seq=149
[sub] Square BLUE x=18 y=130 size=30 uuid=67c411b2-c6b2-40cf-8e04-8464bb79843f seq=150
[sub] Square BLUE x=21 y=128 size=30 uuid=67c411b2-c6b2-40cf-8e04-8464bb79843f seq=151
[sub] Square BLUE x=24 y=126 size=30 uuid=67c411b2-c6b2-40cf-8e04-8464bb79843f seq=152
[sub] Square BLUE x=27 y=124 size=30 uuid=67c411b2-c6b2-40cf-8e04-8464bb79843f seq=153
[sub] Square BLUE x=30 y=122 size=30 uuid=67c411b2-c6b2-40cf-8e04-8464bb79843f seq=154
[sub] Square BLUE x=33 y=120 size=30 uuid=67c411b2-c6b2-40cf-8e04-8464bb79843f seq=155
[sub] Square BLUE x=36 y=118 size=30 uuid=67c411b2-c6b2-40cf-8e04-8464bb79843f seq=156
[sub] Square BLUE x=39 y=116 size=30 uuid=67c411b2-c6b2-40cf-8e04-8464bb79843f seq=157
[sub] Square BLUE x=42 y=114 size=30 uuid=67c411b2-c6b2-40cf-8e04-8464bb79843f seq=158
[sub] Square BLUE x=45 y=112 size=30 uuid=67c411b2-c6b2-40cf-8e04-8464bb79843f seq=159
[sub] Square BLUE x=48 y=110 size=30 uuid=67c411b2-c6b2-40cf-8e04-8464bb79843f seq=160
[sub] Square BLUE x=51 y=108 size=30 uuid=67c411b2-c6b2-40cf-8e04-8464bb79843f seq=161
[sub] Square BLUE x=54 y=106 size=30 uuid=67c411b2-c6b2-40cf-8e04-8464bb79843f seq=162
[sub] Square BLUE x=57 y=104 size=30 uuid=67c411b2-c6b2-40cf-8e04-8464bb79843f seq=163
[sub] Square BLUE x=60 y=102 size=30 uuid=67c411b2-c6b2-40cf-8e04-8464bb79843f seq=164
[sub] Square BLUE x=63 y=100 size=30 uuid=67c411b2-c6b2-40cf-8e04-8464bb79843f seq=165
[sub] Square BLUE x=66 y=98 size=30 uuid=67c411b2-c6b2-40cf-8e04-8464bb79843f seq=166
[sub] Square BLUE x=69 y=96 size=30 uuid=67c411b2-c6b2-40cf-8e04-8464bb79843f seq=167
[sub] Square BLUE x=72 y=94 size=30 uuid=67c411b2-c6b2-40cf-8e04-8464bb79843f seq=168
[sub] Square BLUE x=75 y=92 size=30 uuid=67c411b2-c6b2-40cf-8e04-8464bb79843f seq=169
[sub] Square BLUE x=78 y=90 size=30 uuid=67c411b2-c6b2-40cf-8e04-8464bb79843f seq=170
[sub] Square BLUE x=81 y=88 size=30 uuid=67c411b2-c6b2-40cf-8e04-8464bb79843f seq=171
[sub] Square BLUE x=84 y=86 size=30 uuid=67c411b2-c6b2-40cf-8e04-8464bb79843f seq=172
[sub] Square BLUE x=87 y=84 size=30 uuid=67c411b2-c6b2-40cf-8e04-8464bb79843f seq=173
[sub] Square BLUE x=90 y=82 size=30 uuid=67c411b2-c6b2-40cf-8e04-8464bb79843f seq=174
[sub] Square BLUE x=93 y=80 size=30 uuid=67c411b2-c6b2-40cf-8e04-8464bb79843f seq=175
[sub] Square BLUE x=96 y=78 size=30 uuid=67c411b2-c6b2-40cf-8e04-8464bb79843f seq=176
[sub] Square BLUE x=99 y=76 size=30 uuid=67c411b2-c6b2-40cf-8e04-8464bb79843f seq=177
[sub] Square BLUE x=102 y=74 size=30 uuid=67c411b2-c6b2-40cf-8e04-8464bb79843f seq=178
[sub] Square BLUE x=105 y=72 size=30 uuid=67c411b2-c6b2-40cf-8e04-8464bb79843f seq=179
[sub] Square BLUE x=108 y=70 size=30 uuid=67c411b2-c6b2-40cf-8e04-8464bb79843f seq=180
[sub] Square BLUE x=111 y=68 size=30 uuid=67c411b2-c6b2-40cf-8e04-8464bb79843f seq=181
[sub] Square BLUE x=114 y=66 size=30 uuid=67c411b2-c6b2-40cf-8e04-8464bb79843f seq=182
[sub] Square BLUE x=117 y=64 size=30 uuid=67c411b2-c6b2-40cf-8e04-8464bb79843f seq=183
[sub] Square BLUE x=120 y=62 size=30 uuid=67c411b2-c6b2-40cf-8e04-8464bb79843f seq=184
[sub] Square BLUE x=123 y=60 size=30 uuid=67c411b2-c6b2-40cf-8e04-8464bb79843f seq=185
[sub] Square BLUE x=126 y=58 size=30 uuid=67c411b2-c6b2-40cf-8e04-8464bb79843f seq=186
[sub] Square BLUE x=129 y=56 size=30 uuid=67c411b2-c6b2-40cf-8e04-8464bb79843f seq=187
[sub] Square BLUE x=132 y=54 size=30 uuid=67c411b2-c6b2-40cf-8e04-8464bb79843f seq=188
[sub] Square BLUE x=135 y=52 size=30 uuid=67c411b2-c6b2-40cf-8e04-8464bb79843f seq=189
[sub] Square BLUE x=138 y=50 size=30 uuid=67c411b2-c6b2-40cf-8e04-8464bb79843f seq=190
[sub] Square BLUE x=141 y=48 size=30 uuid=67c411b2-c6b2-40cf-8e04-8464bb79843f seq=191
[sub] Square BLUE x=144 y=46 size=30 uuid=67c411b2-c6b2-40cf-8e04-8464bb79843f seq=192
[sub] Square BLUE x=147 y=44 size=30 uuid=67c411b2-c6b2-40cf-8e04-8464bb79843f seq=193
[sub] Square BLUE x=150 y=42 size=30 uuid=67c411b2-c6b2-40cf-8e04-8464bb79843f seq=194
[sub] Square BLUE x=153 y=40 size=30 uuid=67c411b2-c6b2-40cf-8e04-8464bb79843f seq=195
[sub] Square BLUE x=156 y=38 size=30 uuid=67c411b2-c6b2-40cf-8e04-8464bb79843f seq=196
[sub] Square BLUE x=159 y=36 size=30 uuid=67c411b2-c6b2-40cf-8e04-8464bb79843f seq=197
[sub] Square BLUE x=162 y=34 size=30 uuid=67c411b2-c6b2-40cf-8e04-8464bb79843f seq=198
[sub] Square BLUE x=165 y=32 size=30 uuid=67c411b2-c6b2-40cf-8e04-8464bb79843f seq=199
[sub] Square BLUE x=168 y=30 size=30 uuid=67c411b2-c6b2-40cf-8e04-8464bb79843f seq=200
[sub] Square BLUE x=171 y=28 size=30 uuid=67c411b2-c6b2-40cf-8e04-8464bb79843f seq=201
[sub] Square BLUE x=174 y=26 size=30 uuid=67c411b2-c6b2-40cf-8e04-8464bb79843f seq=202
[sub] Square BLUE x=177 y=24 size=30 uuid=67c411b2-c6b2-40cf-8e04-8464bb79843f seq=203
[sub] Square BLUE x=180 y=22 size=30 uuid=67c411b2-c6b2-40cf-8e04-8464bb79843f seq=204
[sub] Square BLUE x=183 y=20 size=30 uuid=67c411b2-c6b2-40cf-8e04-8464bb79843f seq=205
[sub] Square BLUE x=186 y=18 size=30 uuid=67c411b2-c6b2-40cf-8e04-8464bb79843f seq=206
[sub] Square BLUE x=189 y=16 size=30 uuid=67c411b2-c6b2-40cf-8e04-8464bb79843f seq=207
[sub] Square BLUE x=192 y=14 size=30 uuid=67c411b2-c6b2-40cf-8e04-8464bb79843f seq=208
[sub] Square BLUE x=195 y=12 size=30 uuid=67c411b2-c6b2-40cf-8e04-8464bb79843f seq=209
[sub] Square BLUE x=198 y=10 size=30 uuid=67c411b2-c6b2-40cf-8e04-8464bb79843f seq=210
[sub] Square BLUE x=201 y=8 size=30 uuid=67c411b2-c6b2-40cf-8e04-8464bb79843f seq=211
[sub] Square BLUE x=204 y=6 size=30 uuid=67c411b2-c6b2-40cf-8e04-8464bb79843f seq=212
[sub] Square BLUE x=207 y=4 size=30 uuid=67c411b2-c6b2-40cf-8e04-8464bb79843f seq=213
[sub] Square BLUE x=210 y=2 size=30 uuid=67c411b2-c6b2-40cf-8e04-8464bb79843f seq=214
[sub] Square BLUE x=213 y=0 size=30 uuid=67c411b2-c6b2-40cf-8e04-8464bb79843f seq=215
[sub] Square BLUE x=216 y=2 size=30 uuid=67c411b2-c6b2-40cf-8e04-8464bb79843f seq=216
[sub] Square BLUE x=219 y=4 size=30 uuid=67c411b2-c6b2-40cf-8e04-8464bb79843f seq=217
[sub] Square BLUE x=222 y=6 size=30 uuid=67c411b2-c6b2-40cf-8e04-8464bb79843f seq=218
[sub] Square BLUE x=225 y=8 size=30 uuid=67c411b2-c6b2-40cf-8e04-8464bb79843f seq=219
[sub] Square BLUE x=228 y=10 size=30 uuid=67c411b2-c6b2-40cf-8e04-8464bb79843f seq=220
[sub] Square BLUE x=231 y=12 size=30 uuid=67c411b2-c6b2-40cf-8e04-8464bb79843f seq=221
[sub] Square BLUE x=234 y=14 size=30 uuid=67c411b2-c6b2-40cf-8e04-8464bb79843f seq=222
[sub] Square BLUE x=237 y=16 size=30 uuid=67c411b2-c6b2-40cf-8e04-8464bb79843f seq=223
[sub] Square BLUE x=240 y=18 size=30 uuid=67c411b2-c6b2-40cf-8e04-8464bb79843f seq=224
[sub] Square BLUE x=237 y=20 size=30 uuid=67c411b2-c6b2-40cf-8e04-8464bb79843f seq=225
[sub] Square BLUE x=234 y=22 size=30 uuid=67c411b2-c6b2-40cf-8e04-8464bb79843f seq=226
[sub] Square BLUE x=231 y=24 size=30 uuid=67c411b2-c6b2-40cf-8e04-8464bb79843f seq=227
[sub] Square BLUE x=228 y=26 size=30 uuid=67c411b2-c6b2-40cf-8e04-8464bb79843f seq=228
[sub] Square BLUE x=225 y=28 size=30 uuid=67c411b2-c6b2-40cf-8e04-8464bb79843f seq=229
[sub] Square BLUE x=222 y=30 size=30 uuid=67c411b2-c6b2-40cf-8e04-8464bb79843f seq=230
[sub] Square BLUE x=219 y=32 size=30 uuid=67c411b2-c6b2-40cf-8e04-8464bb79843f seq=231
[sub] Square BLUE x=216 y=34 size=30 uuid=67c411b2-c6b2-40cf-8e04-8464bb79843f seq=232
[sub] Square BLUE x=213 y=36 size=30 uuid=67c411b2-c6b2-40cf-8e04-8464bb79843f seq=233
[sub] Square BLUE x=210 y=38 size=30 uuid=67c411b2-c6b2-40cf-8e04-8464bb79843f seq=234
[sub] Square BLUE x=207 y=40 size=30 uuid=67c411b2-c6b2-40cf-8e04-8464bb79843f seq=235
[sub] Square BLUE x=204 y=42 size=30 uuid=67c411b2-c6b2-40cf-8e04-8464bb79843f seq=236
[sub] Square BLUE x=201 y=44 size=30 uuid=67c411b2-c6b2-40cf-8e04-8464bb79843f seq=237
[sub] Square BLUE x=198 y=46 size=30 uuid=67c411b2-c6b2-40cf-8e04-8464bb79843f seq=238
[sub] Square BLUE x=195 y=48 size=30 uuid=67c411b2-c6b2-40cf-8e04-8464bb79843f seq=239
[sub] Square BLUE x=192 y=50 size=30 uuid=67c411b2-c6b2-40cf-8e04-8464bb79843f seq=240
[sub] Square BLUE x=189 y=52 size=30 uuid=67c411b2-c6b2-40cf-8e04-8464bb79843f seq=241
[sub] Square BLUE x=186 y=54 size=30 uuid=67c411b2-c6b2-40cf-8e04-8464bb79843f seq=242
[sub] Square BLUE x=183 y=56 size=30 uuid=67c411b2-c6b2-40cf-8e04-8464bb79843f seq=243
[sub] Square BLUE x=180 y=58 size=30 uuid=67c411b2-c6b2-40cf-8e04-8464bb79843f seq=244
[sub] Square BLUE x=177 y=60 size=30 uuid=67c411b2-c6b2-40cf-8e04-8464bb79843f seq=245
[sub] Square BLUE x=174 y=62 size=30 uuid=67c411b2-c6b2-40cf-8e04-8464bb79843f seq=246
[sub] Square BLUE x=171 y=64 size=30 uuid=67c411b2-c6b2-40cf-8e04-8464bb79843f seq=247
[sub] Square BLUE x=168 y=66 size=30 uuid=67c411b2-c6b2-40cf-8e04-8464bb79843f seq=248
[sub] Square BLUE x=165 y=68 size=30 uuid=67c411b2-c6b2-40cf-8e04-8464bb79843f seq=249
[sub] Square BLUE x=162 y=70 size=30 uuid=67c411b2-c6b2-40cf-8e04-8464bb79843f seq=250
[sub] Square BLUE x=159 y=72 size=30 uuid=67c411b2-c6b2-40cf-8e04-8464bb79843f seq=251
[sub] Square BLUE x=156 y=74 size=30 uuid=67c411b2-c6b2-40cf-8e04-8464bb79843f seq=252
[sub] Square BLUE x=153 y=76 size=30 uuid=67c411b2-c6b2-40cf-8e04-8464bb79843f seq=253
[sub] Square BLUE x=150 y=78 size=30 uuid=67c411b2-c6b2-40cf-8e04-8464bb79843f seq=254
[sub] Square BLUE x=147 y=80 size=30 uuid=67c411b2-c6b2-40cf-8e04-8464bb79843f seq=255
[sub] Square BLUE x=144 y=82 size=30 uuid=67c411b2-c6b2-40cf-8e04-8464bb79843f seq=256
[sub] Square BLUE x=141 y=84 size=30 uuid=67c411b2-c6b2-40cf-8e04-8464bb79843f seq=257
[sub] Square BLUE x=138 y=86 size=30 uuid=67c411b2-c6b2-40cf-8e04-8464bb79843f seq=258
[sub] Square BLUE x=135 y=88 size=30 uuid=67c411b2-c6b2-40cf-8e04-8464bb79843f seq=259
[sub] Square BLUE x=132 y=90 size=30 uuid=67c411b2-c6b2-40cf-8e04-8464bb79843f seq=260
[sub] Square BLUE x=129 y=92 size=30 uuid=67c411b2-c6b2-40cf-8e04-8464bb79843f seq=261
[sub] Square BLUE x=126 y=94 size=30 uuid=67c411b2-c6b2-40cf-8e04-8464bb79843f seq=262
[sub] Square BLUE x=123 y=96 size=30 uuid=67c411b2-c6b2-40cf-8e04-8464bb79843f seq=263
[sub] Square BLUE x=120 y=98 size=30 uuid=67c411b2-c6b2-40cf-8e04-8464bb79843f seq=264
[sub] Square BLUE x=117 y=100 size=30 uuid=67c411b2-c6b2-40cf-8e04-8464bb79843f seq=265
[sub] Square BLUE x=114 y=102 size=30 uuid=67c411b2-c6b2-40cf-8e04-8464bb79843f seq=266
[sub] Square BLUE x=111 y=104 size=30 uuid=67c411b2-c6b2-40cf-8e04-8464bb79843f seq=267
[sub] Square BLUE x=108 y=106 size=30 uuid=67c411b2-c6b2-40cf-8e04-8464bb79843f seq=268
[sub] Square BLUE x=105 y=108 size=30 uuid=67c411b2-c6b2-40cf-8e04-8464bb79843f seq=269
[sub] Square BLUE x=102 y=110 size=30 uuid=67c411b2-c6b2-40cf-8e04-8464bb79843f seq=270
[sub] Square BLUE x=99 y=112 size=30 uuid=67c411b2-c6b2-40cf-8e04-8464bb79843f seq=271
[sub] Square BLUE x=96 y=114 size=30 uuid=67c411b2-c6b2-40cf-8e04-8464bb79843f seq=272
[sub] Square BLUE x=93 y=116 size=30 uuid=67c411b2-c6b2-40cf-8e04-8464bb79843f seq=273
[sub] Square BLUE x=90 y=118 size=30 uuid=67c411b2-c6b2-40cf-8e04-8464bb79843f seq=274
[sub] Square BLUE x=87 y=120 size=30 uuid=67c411b2-c6b2-40cf-8e04-8464bb79843f seq=275
[sub] Square BLUE x=84 y=122 size=30 uuid=67c411b2-c6b2-40cf-8e04-8464bb79843f seq=276
[sub] Square BLUE x=81 y=124 size=30 uuid=67c411b2-c6b2-40cf-8e04-8464bb79843f seq=277
[sub] Square BLUE x=78 y=126 size=30 uuid=67c411b2-c6b2-40cf-8e04-8464bb79843f seq=278
[sub] Square BLUE x=75 y=128 size=30 uuid=67c411b2-c6b2-40cf-8e04-8464bb79843f seq=279
[sub] Square BLUE x=72 y=130 size=30 uuid=67c411b2-c6b2-40cf-8e04-8464bb79843f seq=280
[sub] Square BLUE x=69 y=132 size=30 uuid=67c411b2-c6b2-40cf-8e04-8464bb79843f seq=281
[sub] Square BLUE x=66 y=134 size=30 uuid=67c411b2-c6b2-40cf-8e04-8464bb79843f seq=282
[sub] Square BLUE x=63 y=136 size=30 uuid=67c411b2-c6b2-40cf-8e04-8464bb79843f seq=283
[sub] Square BLUE x=60 y=138 size=30 uuid=67c411b2-c6b2-40cf-8e04-8464bb79843f seq=284
[sub] Square BLUE x=57 y=140 size=30 uuid=67c411b2-c6b2-40cf-8e04-8464bb79843f seq=285
[sub] Square BLUE x=54 y=142 size=30 uuid=67c411b2-c6b2-40cf-8e04-8464bb79843f seq=286
[sub] Square BLUE x=51 y=144 size=30 uuid=67c411b2-c6b2-40cf-8e04-8464bb79843f seq=287
[sub] Square BLUE x=48 y=146 size=30 uuid=67c411b2-c6b2-40cf-8e04-8464bb79843f seq=288
[sub] Square BLUE x=45 y=148 size=30 uuid=67c411b2-c6b2-40cf-8e04-8464bb79843f seq=289
[sub] Square BLUE x=42 y=150 size=30 uuid=67c411b2-c6b2-40cf-8e04-8464bb79843f seq=290
[sub] Square BLUE x=39 y=152 size=30 uuid=67c411b2-c6b2-40cf-8e04-8464bb79843f seq=291
[sub] Square BLUE x=36 y=154 size=30 uuid=67c411b2-c6b2-40cf-8e04-8464bb79843f seq=292
[sub] Square BLUE x=33 y=156 size=30 uuid=67c411b2-c6b2-40cf-8e04-8464bb79843f seq=293
[sub] Square BLUE x=30 y=158 size=30 uuid=67c411b2-c6b2-40cf-8e04-8464bb79843f seq=294
[sub] Square BLUE x=27 y=160 size=30 uuid=67c411b2-c6b2-40cf-8e04-8464bb79843f seq=295
[sub] Square BLUE x=24 y=162 size=30 uuid=67c411b2-c6b2-40cf-8e04-8464bb79843f seq=296
[sub] Square BLUE x=21 y=164 size=30 uuid=67c411b2-c6b2-40cf-8e04-8464bb79843f seq=297
[sub] Square BLUE x=18 y=166 size=30 uuid=67c411b2-c6b2-40cf-8e04-8464bb79843f seq=298
[sub] Square BLUE x=15 y=168 size=30 uuid=67c411b2-c6b2-40cf-8e04-8464bb79843f seq=299
[sub] Square BLUE x=12 y=170 size=30 uuid=67c411b2-c6b2-40cf-8e04-8464bb79843f seq=300
[sub] Square BLUE x=9 y=172 size=30 uuid=67c411b2-c6b2-40cf-8e04-8464bb79843f seq=301
[sub] Square BLUE x=6 y=174 size=30 uuid=67c411b2-c6b2-40cf-8e04-8464bb79843f seq=302
[sub] Square BLUE x=3 y=176 size=30 uuid=67c411b2-c6b2-40cf-8e04-8464bb79843f seq=303
[sub] Square BLUE x=0 y=178 size=30 uuid=67c411b2-c6b2-40cf-8e04-8464bb79843f seq=304
[sub] Square BLUE x=3 y=180 size=30 uuid=67c411b2-c6b2-40cf-8e04-8464bb79843f seq=305
[sub] Square BLUE x=6 y=182 size=30 uuid=67c411b2-c6b2-40cf-8e04-8464bb79843f seq=306
[sub] Square BLUE x=9 y=184 size=30 uuid=67c411b2-c6b2-40cf-8e04-8464bb79843f seq=307
[sub] Square BLUE x=12 y=186 size=30 uuid=67c411b2-c6b2-40cf-8e04-8464bb79843f seq=308
[sub] Square BLUE x=15 y=188 size=30 uuid=67c411b2-c6b2-40cf-8e04-8464bb79843f seq=309
[sub] Square BLUE x=18 y=190 size=30 uuid=67c411b2-c6b2-40cf-8e04-8464bb79843f seq=310
[sub] Square BLUE x=21 y=192 size=30 uuid=67c411b2-c6b2-40cf-8e04-8464bb79843f seq=311
[sub] Square BLUE x=24 y=194 size=30 uuid=67c411b2-c6b2-40cf-8e04-8464bb79843f seq=312
[sub] Square BLUE x=27 y=196 size=30 uuid=67c411b2-c6b2-40cf-8e04-8464bb79843f seq=313
[sub] Square BLUE x=30 y=198 size=30 uuid=67c411b2-c6b2-40cf-8e04-8464bb79843f seq=314
[sub] Square BLUE x=33 y=200 size=30 uuid=67c411b2-c6b2-40cf-8e04-8464bb79843f seq=315
[sub] Square BLUE x=36 y=202 size=30 uuid=67c411b2-c6b2-40cf-8e04-8464bb79843f seq=316
[sub] Square BLUE x=39 y=204 size=30 uuid=67c411b2-c6b2-40cf-8e04-8464bb79843f seq=317
[sub] Square BLUE x=42 y=206 size=30 uuid=67c411b2-c6b2-40cf-8e04-8464bb79843f seq=318
[sub] Square BLUE x=45 y=208 size=30 uuid=67c411b2-c6b2-40cf-8e04-8464bb79843f seq=319
[sub] Square BLUE x=48 y=210 size=30 uuid=67c411b2-c6b2-40cf-8e04-8464bb79843f seq=320
[sub] Square BLUE x=51 y=212 size=30 uuid=67c411b2-c6b2-40cf-8e04-8464bb79843f seq=321
[sub] Square BLUE x=54 y=214 size=30 uuid=67c411b2-c6b2-40cf-8e04-8464bb79843f seq=322
[sub] Square BLUE x=57 y=216 size=30 uuid=67c411b2-c6b2-40cf-8e04-8464bb79843f seq=323
[sub] Square BLUE x=60 y=218 size=30 uuid=67c411b2-c6b2-40cf-8e04-8464bb79843f seq=324
[sub] Square BLUE x=63 y=220 size=30 uuid=67c411b2-c6b2-40cf-8e04-8464bb79843f seq=325
[sub] Square BLUE x=66 y=222 size=30 uuid=67c411b2-c6b2-40cf-8e04-8464bb79843f seq=326
[sub] Square BLUE x=69 y=224 size=30 uuid=67c411b2-c6b2-40cf-8e04-8464bb79843f seq=327
[sub] Square BLUE x=72 y=226 size=30 uuid=67c411b2-c6b2-40cf-8e04-8464bb79843f seq=328
[sub] Square BLUE x=75 y=228 size=30 uuid=67c411b2-c6b2-40cf-8e04-8464bb79843f seq=329
[sub] Square BLUE x=78 y=230 size=30 uuid=67c411b2-c6b2-40cf-8e04-8464bb79843f seq=330
[sub] Square BLUE x=81 y=232 size=30 uuid=67c411b2-c6b2-40cf-8e04-8464bb79843f seq=331
[sub] Square BLUE x=84 y=234 size=30 uuid=67c411b2-c6b2-40cf-8e04-8464bb79843f seq=332
[sub] Square BLUE x=87 y=236 size=30 uuid=67c411b2-c6b2-40cf-8e04-8464bb79843f seq=333
[sub] Square BLUE x=90 y=238 size=30 uuid=67c411b2-c6b2-40cf-8e04-8464bb79843f seq=334
[sub] Square BLUE x=93 y=240 size=30 uuid=67c411b2-c6b2-40cf-8e04-8464bb79843f seq=335
[sub] Square BLUE x=96 y=238 size=30 uuid=67c411b2-c6b2-40cf-8e04-8464bb79843f seq=336
[sub] Square BLUE x=99 y=236 size=30 uuid=67c411b2-c6b2-40cf-8e04-8464bb79843f seq=337
[sub] Square BLUE x=102 y=234 size=30 uuid=67c411b2-c6b2-40cf-8e04-8464bb79843f seq=338
[sub] Square BLUE x=105 y=232 size=30 uuid=67c411b2-c6b2-40cf-8e04-8464bb79843f seq=339
[sub] Square BLUE x=108 y=230 size=30 uuid=67c411b2-c6b2-40cf-8e04-8464bb79843f seq=340
[sub] Square BLUE x=111 y=228 size=30 uuid=67c411b2-c6b2-40cf-8e04-8464bb79843f seq=341
[sub] Square BLUE x=114 y=226 size=30 uuid=67c411b2-c6b2-40cf-8e04-8464bb79843f seq=342
[sub] Square BLUE x=117 y=224 size=30 uuid=67c411b2-c6b2-40cf-8e04-8464bb79843f seq=343
[sub] Square BLUE x=120 y=222 size=30 uuid=67c411b2-c6b2-40cf-8e04-8464bb79843f seq=344
[sub] Square BLUE x=123 y=220 size=30 uuid=67c411b2-c6b2-40cf-8e04-8464bb79843f seq=345
[sub] Square BLUE x=126 y=218 size=30 uuid=67c411b2-c6b2-40cf-8e04-8464bb79843f seq=346
[sub] Square BLUE x=129 y=216 size=30 uuid=67c411b2-c6b2-40cf-8e04-8464bb79843f seq=347
[sub] Square BLUE x=132 y=214 size=30 uuid=67c411b2-c6b2-40cf-8e04-8464bb79843f seq=348
[sub] Square BLUE x=135 y=212 size=30 uuid=67c411b2-c6b2-40cf-8e04-8464bb79843f seq=349
[sub] Square BLUE x=138 y=210 size=30 uuid=67c411b2-c6b2-40cf-8e04-8464bb79843f seq=350
[sub] Square BLUE x=141 y=208 size=30 uuid=67c411b2-c6b2-40cf-8e04-8464bb79843f seq=351
[sub] Square BLUE x=144 y=206 size=30 uuid=67c411b2-c6b2-40cf-8e04-8464bb79843f seq=352
[sub] Square BLUE x=147 y=204 size=30 uuid=67c411b2-c6b2-40cf-8e04-8464bb79843f seq=353
[sub] Square BLUE x=150 y=202 size=30 uuid=67c411b2-c6b2-40cf-8e04-8464bb79843f seq=354
[sub] Square BLUE x=153 y=200 size=30 uuid=67c411b2-c6b2-40cf-8e04-8464bb79843f seq=355
[sub] Square BLUE x=156 y=198 size=30 uuid=67c411b2-c6b2-40cf-8e04-8464bb79843f seq=356
[sub] Square BLUE x=159 y=196 size=30 uuid=67c411b2-c6b2-40cf-8e04-8464bb79843f seq=357
[sub] Square BLUE x=162 y=194 size=30 uuid=67c411b2-c6b2-40cf-8e04-8464bb79843f seq=358
[sub] Square BLUE x=165 y=192 size=30 uuid=67c411b2-c6b2-40cf-8e04-8464bb79843f seq=359
[sub] Square BLUE x=168 y=190 size=30 uuid=67c411b2-c6b2-40cf-8e04-8464bb79843f seq=360
[sub] Square BLUE x=171 y=188 size=30 uuid=67c411b2-c6b2-40cf-8e04-8464bb79843f seq=361
[sub] Square BLUE x=174 y=186 size=30 uuid=67c411b2-c6b2-40cf-8e04-8464bb79843f seq=362
[sub] Square BLUE x=177 y=184 size=30 uuid=67c411b2-c6b2-40cf-8e04-8464bb79843f seq=363
[sub] Square BLUE x=180 y=182 size=30 uuid=67c411b2-c6b2-40cf-8e04-8464bb79843f seq=364
[sub] Square BLUE x=183 y=180 size=30 uuid=67c411b2-c6b2-40cf-8e04-8464bb79843f seq=365
[sub] Square BLUE x=186 y=178 size=30 uuid=67c411b2-c6b2-40cf-8e04-8464bb79843f seq=366
[sub] Square BLUE x=189 y=176 size=30 uuid=67c411b2-c6b2-40cf-8e04-8464bb79843f seq=367
[sub] Square BLUE x=192 y=174 size=30 uuid=67c411b2-c6b2-40cf-8e04-8464bb79843f seq=368
[sub] Square BLUE x=195 y=172 size=30 uuid=67c411b2-c6b2-40cf-8e04-8464bb79843f seq=369
[sub] Square BLUE x=198 y=170 size=30 uuid=67c411b2-c6b2-40cf-8e04-8464bb79843f seq=370
[sub] Square BLUE x=201 y=168 size=30 uuid=67c411b2-c6b2-40cf-8e04-8464bb79843f seq=371
[sub] Square BLUE x=204 y=166 size=30 uuid=67c411b2-c6b2-40cf-8e04-8464bb79843f seq=372
[sub] Square BLUE x=207 y=164 size=30 uuid=67c411b2-c6b2-40cf-8e04-8464bb79843f seq=373
[sub] Square BLUE x=210 y=162 size=30 uuid=67c411b2-c6b2-40cf-8e04-8464bb79843f seq=374
[sub] Square BLUE x=213 y=160 size=30 uuid=67c411b2-c6b2-40cf-8e04-8464bb79843f seq=375
[sub] Square BLUE x=216 y=158 size=30 uuid=67c411b2-c6b2-40cf-8e04-8464bb79843f seq=376
[sub] Square BLUE x=219 y=156 size=30 uuid=67c411b2-c6b2-40cf-8e04-8464bb79843f seq=377
[sub] Square BLUE x=222 y=154 size=30 uuid=67c411b2-c6b2-40cf-8e04-8464bb79843f seq=378
[sub] Square BLUE x=225 y=152 size=30 uuid=67c411b2-c6b2-40cf-8e04-8464bb79843f seq=379
[sub] Square BLUE x=228 y=150 size=30 uuid=67c411b2-c6b2-40cf-8e04-8464bb79843f seq=380
[sub] Square BLUE x=231 y=148 size=30 uuid=67c411b2-c6b2-40cf-8e04-8464bb79843f seq=381
[sub] Square BLUE x=234 y=146 size=30 uuid=67c411b2-c6b2-40cf-8e04-8464bb79843f seq=382
[sub] Square BLUE x=237 y=144 size=30 uuid=67c411b2-c6b2-40cf-8e04-8464bb79843f seq=383
[sub] Square BLUE x=240 y=142 size=30 uuid=67c411b2-c6b2-40cf-8e04-8464bb79843f seq=384
[sub] Square BLUE x=237 y=140 size=30 uuid=67c411b2-c6b2-40cf-8e04-8464bb79843f seq=385
[sub] Square BLUE x=234 y=138 size=30 uuid=67c411b2-c6b2-40cf-8e04-8464bb79843f seq=386
[sub] Square BLUE x=231 y=136 size=30 uuid=67c411b2-c6b2-40cf-8e04-8464bb79843f seq=387
[sub] Square BLUE x=228 y=134 size=30 uuid=67c411b2-c6b2-40cf-8e04-8464bb79843f seq=388
[sub] Square BLUE x=225 y=132 size=30 uuid=67c411b2-c6b2-40cf-8e04-8464bb79843f seq=389
[sub] Square BLUE x=222 y=130 size=30 uuid=67c411b2-c6b2-40cf-8e04-8464bb79843f seq=390
[sub] Square BLUE x=219 y=128 size=30 uuid=67c411b2-c6b2-40cf-8e04-8464bb79843f seq=391
[sub] Square BLUE x=216 y=126 size=30 uuid=67c411b2-c6b2-40cf-8e04-8464bb79843f seq=392
[sub] Square BLUE x=213 y=124 size=30 uuid=67c411b2-c6b2-40cf-8e04-8464bb79843f seq=393
[sub] Square BLUE x=210 y=122 size=30 uuid=67c411b2-c6b2-40cf-8e04-8464bb79843f seq=394
[sub] Square BLUE x=207 y=120 size=30 uuid=67c411b2-c6b2-40cf-8e04-8464bb79843f seq=395
[sub] Square BLUE x=204 y=118 size=30 uuid=67c411b2-c6b2-40cf-8e04-8464bb79843f seq=396
[sub] Square BLUE x=201 y=116 size=30 uuid=67c411b2-c6b2-40cf-8e04-8464bb79843f seq=397
[sub] Square BLUE x=198 y=114 size=30 uuid=67c411b2-c6b2-40cf-8e04-8464bb79843f seq=398
[sub] Square BLUE x=195 y=112 size=30 uuid=67c411b2-c6b2-40cf-8e04-8464bb79843f seq=399
[sub] Square BLUE x=192 y=110 size=30 uuid=67c411b2-c6b2-40cf-8e04-8464bb79843f seq=400
[sub] Square GREEN x=167 y=128 size=30 uuid=585df1a8-fae0-41a1-835b-6a78db485a06 seq=39
[sub] Square GREEN x=170 y=130 size=30 uuid=585df1a8-fae0-41a1-835b-6a78db485a06 seq=40
[sub] Square GREEN x=173 y=132 size=30 uuid=585df1a8-fae0-41a1-835b-6a78db485a06 seq=41
[sub] Square GREEN x=176 y=134 size=30 uuid=585df1a8-fae0-41a1-835b-6a78db485a06 seq=42
[sub] Square GREEN x=179 y=136 size=30 uuid=585df1a8-fae0-41a1-835b-6a78db485a06 seq=43
[sub] Square GREEN x=182 y=138 size=30 uuid=585df1a8-fae0-41a1-835b-6a78db485a06 seq=44
[sub] Square GREEN x=185 y=140 size=30 uuid=585df1a8-fae0-41a1-835b-6a78db485a06 seq=45
[sub] Square GREEN x=188 y=142 size=30 uuid=585df1a8-fae0-41a1-835b-6a78db485a06 seq=46
[sub] Square GREEN x=191 y=144 size=30 uuid=585df1a8-fae0-41a1-835b-6a78db485a06 seq=47
[sub] Square GREEN x=194 y=146 size=30 uuid=585df1a8-fae0-41a1-835b-6a78db485a06 seq=48
[sub] Square GREEN x=197 y=148 size=30 uuid=585df1a8-fae0-41a1-835b-6a78db485a06 seq=49
[sub] Square GREEN x=200 y=150 size=30 uuid=585df1a8-fae0-41a1-835b-6a78db485a06 seq=50
[sub] stopped; received 360 shapes.
