WARNING:
   The new FTYPE proclamation for NET.GOENNINGER.DDS.DCPS::CM-ON-AUTHENTICATED
     (FUNCTION
      (NET.GOENNINGER.DDS.DCPS::CRYPTO-MANAGER
       NET.GOENNINGER.DDS.DISC:DISC-NODE (SIMPLE-ARRAY (UNSIGNED-BYTE 8) (12)))
      (EQL T))
   does not match the old FTYPE proclamation
     (FUNCTION
      (T NET.GOENNINGER.DDS.DISC:DISC-NODE
       (SIMPLE-ARRAY (UNSIGNED-BYTE 8) (12)))
      (VALUES (MEMBER T) &REST T))
WARNING:
   The new FTYPE proclamation for
   NET.GOENNINGER.DDS.DCPS::%INSTALL-CRYPTO-MANAGER
     (FUNCTION
      (NET.GOENNINGER.DDS.DCPS:DOMAIN-PARTICIPANT
       NET.GOENNINGER.DDS.DCPS::AUTH-MANAGER-STATE
       NET.GOENNINGER.DDS.DISC:DISC-NODE)
      NET.GOENNINGER.DDS.DCPS::CRYPTO-MANAGER)
   does not match the old FTYPE proclamation
     (FUNCTION
      (NET.GOENNINGER.DDS.DCPS:DOMAIN-PARTICIPANT
       NET.GOENNINGER.DDS.DCPS::AUTH-MANAGER-STATE
       NET.GOENNINGER.DDS.DISC:DISC-NODE)
      *)
[pub] secure participant up: domain=0 topic=HelloWorldTopic type=HelloWorld guid-prefix=B9A1E95FB45E7C7C7C7C7C7C port=7420 peers=127.0.0.1:7410
; auth-manager[D1437B8E7A95]: requester: sent HandshakeRequest
; auth-manager[D1437B8E7A95]: authenticated; driving crypto-token exchange over PVMS
[pub] SENT HelloWorld index=1
[pub] discovered=1 matched=1 samples=0 keyed=T states=D1437B8E=KEYED
[pub] SENT HelloWorld index=2
[pub] SENT HelloWorld index=3
[pub] discovered=1 matched=1 samples=0 keyed=T states=D1437B8E=KEYED
[pub] SENT HelloWorld index=4
[pub] SENT HelloWorld index=5
[pub] discovered=1 matched=1 samples=0 keyed=T states=D1437B8E=KEYED
[pub] SENT HelloWorld index=6
[pub] SENT HelloWorld index=7
[pub] discovered=1 matched=1 samples=0 keyed=T states=D1437B8E=KEYED
[pub] SENT HelloWorld index=8
[pub] discovered=1 matched=1 samples=0 keyed=T states=D1437B8E=KEYED
[pub] discovered=1 matched=1 samples=0 keyed=T states=D1437B8E=KEYED
[pub] discovered=1 matched=1 samples=0 keyed=T states=D1437B8E=KEYED
[pub] discovered=1 matched=1 samples=0 keyed=T states=D1437B8E=KEYED
[pub] discovered=1 matched=1 samples=0 keyed=T states=D1437B8E=KEYED
[pub] discovered=1 matched=1 samples=0 keyed=T states=D1437B8E=KEYED
[pub] discovered=1 matched=1 samples=0 keyed=T states=D1437B8E=KEYED
[pub] discovered=1 matched=1 samples=0 keyed=T states=D1437B8E=KEYED
[pub] discovered=1 matched=1 samples=0 keyed=T states=D1437B8E=KEYED
[pub] discovered=1 matched=1 samples=0 keyed=T states=D1437B8E=KEYED
[pub] discovered=1 matched=1 samples=0 keyed=T states=D1437B8E=KEYED
[pub] discovered=1 matched=1 samples=0 keyed=T states=D1437B8E=KEYED
[pub] discovered=1 matched=1 samples=0 keyed=T states=D1437B8E=KEYED
[pub] discovered=1 matched=1 samples=0 keyed=T states=D1437B8E=KEYED
[pub] discovered=1 matched=1 samples=0 keyed=T states=D1437B8E=KEYED
[pub] discovered=1 matched=1 samples=0 keyed=T states=D1437B8E=KEYED
[pub] discovered=1 matched=1 samples=0 keyed=T states=D1437B8E=KEYED
[pub] discovered=1 matched=1 samples=0 keyed=T states=D1437B8E=KEYED
[pub] discovered=1 matched=1 samples=0 keyed=T states=D1437B8E=KEYED
[pub] discovered=1 matched=1 samples=0 keyed=T states=D1437B8E=KEYED
[pub] discovered=1 matched=1 samples=0 keyed=T states=D1437B8E=KEYED
[pub] discovered=1 matched=1 samples=0 keyed=T states=D1437B8E=KEYED
[pub] discovered=1 matched=1 samples=0 keyed=T states=D1437B8E=KEYED
[pub] discovered=1 matched=1 samples=0 keyed=T states=D1437B8E=KEYED
[pub] discovered=1 matched=1 samples=0 keyed=T states=D1437B8E=KEYED
[pub] discovered=1 matched=1 samples=0 keyed=T states=D1437B8E=KEYED
[pub] discovered=1 matched=1 samples=0 keyed=T states=D1437B8E=KEYED
[pub] discovered=1 matched=1 samples=0 keyed=T states=D1437B8E=KEYED
[pub] discovered=1 matched=1 samples=0 keyed=T states=D1437B8E=KEYED
[pub] discovered=1 matched=1 samples=0 keyed=T states=D1437B8E=KEYED
[pub] discovered=1 matched=1 samples=0 keyed=T states=D1437B8E=KEYED
[pub] discovered=1 matched=1 samples=0 keyed=T states=D1437B8E=KEYED
[pub] discovered=1 matched=1 samples=0 keyed=T states=D1437B8E=KEYED
[pub] discovered=1 matched=1 samples=0 keyed=T states=D1437B8E=KEYED
[pub] discovered=1 matched=1 samples=0 keyed=T states=D1437B8E=KEYED
[pub] discovered=1 matched=1 samples=0 keyed=T states=D1437B8E=KEYED
[pub] discovered=1 matched=1 samples=0 keyed=T states=D1437B8E=KEYED
[pub] discovered=1 matched=1 samples=0 keyed=T states=D1437B8E=KEYED
[pub] discovered=1 matched=1 samples=0 keyed=T states=D1437B8E=KEYED
[pub] discovered=1 matched=1 samples=0 keyed=T states=D1437B8E=KEYED
SUMMARY: role=pub discovered=1 peak-matched=1 peak-samples=0 ever-keyed=T sent=8
RESULT: PASS
