
RTI Connext DDS Ping built with DDS version: 7.3.1
~~~~~~~~~~~~~~~~~~~~~~~~~~~~~~~~~~~~~~~~~~
rtiddsping is listening for data, press CTRL+C to stop it.
Found 1 additional ping publishers(s).
Current publisher tally is: 1
Found 1 additional alive ping publishers(s).
Current alive publisher tally is: 1
rtiddsping, issue received: 0000001
Detected Missed Sample(s) current: 1 cumulative: 1  (50.0)%
rtiddsping, issue received: 0000002
rtiddsping, issue received: 0000003
rtiddsping, issue received: 0000004
rtiddsping, issue received: 0000005
rtiddsping, issue received: 0000006
rtiddsping, issue received: 0000007
rtiddsping, issue received: 0000008
rtiddsping, issue received: 0000009
rtiddsping, issue received: 0000010
rtiddsping, issue received: 0000011
rtiddsping, issue received: 0000012
rtiddsping, issue received: 0000013
rtiddsping, issue received: 0000014
rtiddsping, issue received: 0000015
rtiddsping, issue received: 0000016
rtiddsping, issue received: 0000017
rtiddsping, issue received: 0000018
rtiddsping, issue received: 0000019
rtiddsping, issue received: 0000020
