
RTI Connext DDS Ping built with DDS version: 7.3.1
~~~~~~~~~~~~~~~~~~~~~~~~~~~~~~~~~~~~~~~~~~
Sending data...   value: 0000000 
Found 1 additional ping subscriber(s).
Current subscriber tally is: 1
Sending data...   value: 0000001 
Sending data...   value: 0000002 
Sending data...   value: 0000003 
Sending data...   value: 0000004 
Sending data...   value: 0000005 
Sending data...   value: 0000006 
Sending data...   value: 0000007 
Sending data...   value: 0000008 
Sending data...   value: 0000009 
Sending data...   value: 0000010 
Sending data...   value: 0000011 
Sending data...   value: 0000012 
Sending data...   value: 0000013 
Sending data...   value: 0000014 
Sending data...   value: 0000015 
Sending data...   value: 0000016 
Sending data...   value: 0000017 
Sending data...   value: 0000018 
Sending data...   value: 0000019 
Sending data...   value: 0000020 
